#Add Dual Way Edge Test File
#Tests that a graph can be created, two edges can be created, and two edges can be added in opposing directions.

created graph graph1
added node node1 to graph1
added node node2 to graph1
added edge edge1 from node1 to node2 in graph1
added edge edge2 from node2 to node1 in graph1
