#Add Node Pair Test File
#Tests that a graph can be created and two different nodes can be added to the graph

created graph graph1
added node node1 to graph1
added node node2 to graph1