#Create Graph Test File
#Tests that a Graph can be created

created graph g1