#Tests that returns an unknown node when neither of the nodes are present in the graph

created graph graph1

added node n1 to graph1
added node n2 to graph1

path from n3 to n4:
unknown node n3
unknown node n4