#Tests that returns itself when asked for a path to and from itself

created graph graph1

added node n1 to graph1
added node n2 to graph1

added edge 1.000 from n1 to n2 in graph1

path from n1 to n1:
total cost: 0.000