#Test Add Edge Tree Test File
#Tests that a graph can be created, three different nodes can be added and two different edges with same source
#and different destinations can be added. Ultimately testing that a node can have multiple outgoing edges.

created graph graph1
added node n1 to graph1
added node n2 to graph1
added node n3 to graph1
added edge e1 from n1 to n2 in graph1
added edge e2 from n1 to n3 in graph1